// Jest Snapshot v1, https://goo.gl/fbAQLP

exports[`should be render screen 1`] = `undefined`;
